../../Middlewares/ST/touchgfx/framework/include/touchgfx/Screen.hpp:104:18:virtual void touchgfx::Screen::afterTransition()	0	static
../../Middlewares/ST/touchgfx/framework/include/touchgfx/Screen.hpp:154:18:virtual void touchgfx::Screen::handleKeyEvent(uint8_t)	0	static
C:/TouchGFXProjects/React_MOUSE_STMF429/version_0_3/TouchGFX/gui/src/screen1_screen/Screen1View.cpp:49:6:virtual void Screen1View::tearDownScreen()	0	static
../../TouchGFX/gui/include/gui/screen1_screen/Screen1View.hpp:11:13:Screen1View::~Screen1View()	8	static
../../TouchGFX/gui/include/gui/screen1_screen/Screen1View.hpp:11:13:virtual Screen1View::~Screen1View()	8	static
../../Middlewares/ST/touchgfx/framework/include/touchgfx/Drawable.hpp:588:18:virtual void touchgfx::Drawable::moveTo(int16_t, int16_t)	4	static
C:/TouchGFXProjects/React_MOUSE_STMF429/version_0_3/TouchGFX/gui/src/screen1_screen/Screen1View.cpp:22:6:void SendMouseHIDUSB(float, float)	16	static
C:/TouchGFXProjects/React_MOUSE_STMF429/version_0_3/TouchGFX/gui/src/screen1_screen/Screen1View.cpp:42:1:Screen1View::Screen1View()	8	static
C:/TouchGFXProjects/React_MOUSE_STMF429/version_0_3/TouchGFX/gui/src/screen1_screen/Screen1View.cpp:44:6:virtual void Screen1View::setupScreen()	0	static
C:/TouchGFXProjects/React_MOUSE_STMF429/version_0_3/TouchGFX/gui/src/screen1_screen/Screen1View.cpp:100:6:virtual void Screen1View::handleTickEvent()	8	static
C:/TouchGFXProjects/React_MOUSE_STMF429/version_0_3/TouchGFX/gui/src/screen1_screen/Screen1View.cpp:55:6:virtual void Screen1View::handleClickEvent(const touchgfx::ClickEvent&)	48	static
