../../Middlewares/ST/touchgfx/framework/include/touchgfx/Screen.hpp:104:18:virtual void touchgfx::Screen::afterTransition()	0	static
../../Middlewares/ST/touchgfx/framework/include/touchgfx/Screen.hpp:154:18:virtual void touchgfx::Screen::handleKeyEvent(uint8_t)	0	static
C:/TouchGFXProjects/React_MOUSE_STMF429/version_0_3/TouchGFX/gui/src/screen1_screen/Screen1View.cpp:38:6:virtual void Screen1View::tearDownScreen()	0	static
../../TouchGFX/gui/include/gui/screen1_screen/Screen1View.hpp:11:13:Screen1View::~Screen1View()	8	static
../../TouchGFX/gui/include/gui/screen1_screen/Screen1View.hpp:11:13:virtual Screen1View::~Screen1View()	8	static
C:/TouchGFXProjects/React_MOUSE_STMF429/version_0_3/TouchGFX/gui/src/screen1_screen/Screen1View.cpp:13:6:void SendMouseHIDUSB(int16_t, int16_t)	16	static
C:/TouchGFXProjects/React_MOUSE_STMF429/version_0_3/TouchGFX/gui/src/screen1_screen/Screen1View.cpp:28:1:Screen1View::Screen1View()	8	static
C:/TouchGFXProjects/React_MOUSE_STMF429/version_0_3/TouchGFX/gui/src/screen1_screen/Screen1View.cpp:33:6:virtual void Screen1View::setupScreen()	0	static
C:/TouchGFXProjects/React_MOUSE_STMF429/version_0_3/TouchGFX/gui/src/screen1_screen/Screen1View.cpp:43:6:virtual void Screen1View::handleClickEvent(const touchgfx::ClickEvent&)	8	static
